AR dmem behave //cs1/cs_students/enichols16/CS401_CA/EX04/MIPS_CPU_FPGA_AND_SIM_V4/mips_mem.vhd sub00/vhpl25 1460952696
EN adder NULL //cs1/cs_students/enichols16/CS401_CA/EX04/MIPS_CPU_FPGA_AND_SIM_V4/mips_building_blocks.vhd sub00/vhpl09 1460952668
EN dmem NULL //cs1/cs_students/enichols16/CS401_CA/EX04/MIPS_CPU_FPGA_AND_SIM_V4/mips_mem.vhd sub00/vhpl24 1460952695
EN mux2 NULL //cs1/cs_students/enichols16/CS401_CA/EX04/MIPS_CPU_FPGA_AND_SIM_V4/mips_building_blocks.vhd sub00/vhpl14 1460952673
EN mux3 NULL //cs1/cs_students/enichols16/CS401_CA/EX04/MIPS_CPU_FPGA_AND_SIM_V4/mips_building_blocks.vhd sub00/vhpl37 1460952674
EN flopr NULL //cs1/cs_students/enichols16/CS401_CA/EX04/MIPS_CPU_FPGA_AND_SIM_V4/mips_building_blocks.vhd sub00/vhpl13 1460952672
EN zeroext NULL //cs1/cs_students/enichols16/CS401_CA/EX04/MIPS_CPU_FPGA_AND_SIM_V4/mips_building_blocks.vhd sub00/vhpl35 1460952671
EN regfile NULL //cs1/cs_students/enichols16/CS401_CA/EX04/MIPS_CPU_FPGA_AND_SIM_V4/mips_building_blocks.vhd sub00/vhpl08 1460952667
EN aludec NULL //cs1/cs_students/enichols16/CS401_CA/EX04/MIPS_CPU_FPGA_AND_SIM_V4/mips_decoder_alu.vhd sub00/vhpl02 1460952687
EN datapath NULL //cs1/cs_students/enichols16/CS401_CA/EX04/MIPS_CPU_FPGA_AND_SIM_V4/mips_datapath.vhd sub00/vhpl28 1460952691
AR zeroext behave //cs1/cs_students/enichols16/CS401_CA/EX04/MIPS_CPU_FPGA_AND_SIM_V4/mips_building_blocks.vhd sub00/vhpl36 1460952679
EN imem NULL //cs1/cs_students/enichols16/CS401_CA/EX04/MIPS_CPU_FPGA_AND_SIM_V4/mips_mem.vhd sub00/vhpl26 1460952697
AR mips_fpga_interface test_fpga C:/Users/enichols16/Desktop/MIPS_CPU_FPGA_AND_SIM_V4/mips_fpga_interface.vhd sub00/vhpl34 1457938000
AR controller struct //cs1/cs_students/enichols16/CS401_CA/EX04/MIPS_CPU_FPGA_AND_SIM_V4/mips_controller.vhd sub00/vhpl05 1460952690
AR flopr asynchronous //cs1/cs_students/enichols16/CS401_CA/EX04/MIPS_CPU_FPGA_AND_SIM_V4/mips_building_blocks.vhd sub00/vhpl22 1460952680
EN maindec NULL //cs1/cs_students/enichols16/CS401_CA/EX04/MIPS_CPU_FPGA_AND_SIM_V4/mips_decoder_main.vhd sub00/vhpl00 1460952685
AR mips struct //cs1/cs_students/enichols16/CS401_CA/EX04/MIPS_CPU_FPGA_AND_SIM_V4/mips.vhd sub00/vhpl15 1460952694
EN testbench NULL C:/CS401/mips_cpu_v2_sim_reorg/mips/mips_top.vhd sub00/vhpl30 1394402431
AR zerodetect behave C:/CS401/mips_cpu_v2_sim_reorg/mips/mips_building_blocks.vhd sub00/vhpl19 1394402410
EN top NULL //cs1/cs_students/enichols16/CS401_CA/EX04/MIPS_CPU_FPGA_AND_SIM_V4/mips_top.vhd sub00/vhpl31 1460952699
AR imem behave //cs1/cs_students/enichols16/CS401_CA/EX04/MIPS_CPU_FPGA_AND_SIM_V4/mips_mem.vhd sub00/vhpl27 1460952698
AR maindec behave //cs1/cs_students/enichols16/CS401_CA/EX04/MIPS_CPU_FPGA_AND_SIM_V4/mips_decoder_main.vhd sub00/vhpl01 1460952686
AR sl2 behave //cs1/cs_students/enichols16/CS401_CA/EX04/MIPS_CPU_FPGA_AND_SIM_V4/mips_building_blocks.vhd sub00/vhpl20 1460952677
AR top test //cs1/cs_students/enichols16/CS401_CA/EX04/MIPS_CPU_FPGA_AND_SIM_V4/mips_top.vhd sub00/vhpl32 1460952700
EN zerodetect NULL C:/CS401/mips_cpu_v2_sim_reorg/mips/mips_building_blocks.vhd sub00/vhpl10 1394402403
EN mips NULL //cs1/cs_students/enichols16/CS401_CA/EX04/MIPS_CPU_FPGA_AND_SIM_V4/mips.vhd sub00/vhpl06 1460952693
AR mux3 behave //cs1/cs_students/enichols16/CS401_CA/EX04/MIPS_CPU_FPGA_AND_SIM_V4/mips_building_blocks.vhd sub00/vhpl38 1460952682
AR signext behave //cs1/cs_students/enichols16/CS401_CA/EX04/MIPS_CPU_FPGA_AND_SIM_V4/mips_building_blocks.vhd sub00/vhpl21 1460952678
AR aludec behave //cs1/cs_students/enichols16/CS401_CA/EX04/MIPS_CPU_FPGA_AND_SIM_V4/mips_decoder_alu.vhd sub00/vhpl03 1460952688
AR datapath struct //cs1/cs_students/enichols16/CS401_CA/EX04/MIPS_CPU_FPGA_AND_SIM_V4/mips_datapath.vhd sub00/vhpl29 1460952692
AR adder behave //cs1/cs_students/enichols16/CS401_CA/EX04/MIPS_CPU_FPGA_AND_SIM_V4/mips_building_blocks.vhd sub00/vhpl18 1460952676
EN controller NULL //cs1/cs_students/enichols16/CS401_CA/EX04/MIPS_CPU_FPGA_AND_SIM_V4/mips_controller.vhd sub00/vhpl04 1460952689
AR regfile behave //cs1/cs_students/enichols16/CS401_CA/EX04/MIPS_CPU_FPGA_AND_SIM_V4/mips_building_blocks.vhd sub00/vhpl17 1460952675
EN mips_fpga_interface NULL C:/Users/enichols16/Desktop/MIPS_CPU_FPGA_AND_SIM_V4/mips_fpga_interface.vhd sub00/vhpl33 1457937999
EN signext NULL //cs1/cs_students/enichols16/CS401_CA/EX04/MIPS_CPU_FPGA_AND_SIM_V4/mips_building_blocks.vhd sub00/vhpl12 1460952670
AR mux2 behave //cs1/cs_students/enichols16/CS401_CA/EX04/MIPS_CPU_FPGA_AND_SIM_V4/mips_building_blocks.vhd sub00/vhpl23 1460952681
EN sl2 NULL //cs1/cs_students/enichols16/CS401_CA/EX04/MIPS_CPU_FPGA_AND_SIM_V4/mips_building_blocks.vhd sub00/vhpl11 1460952669
AR alu behave //cs1/cs_students/enichols16/CS401_CA/EX04/MIPS_CPU_FPGA_AND_SIM_V4/mips_alu.vhd sub00/vhpl16 1460952684
EN alu NULL //cs1/cs_students/enichols16/CS401_CA/EX04/MIPS_CPU_FPGA_AND_SIM_V4/mips_alu.vhd sub00/vhpl07 1460952683
