AR dmem behave //cs1/cs_students/ijones16/CS401_CA/EX04/MIPS_CPU_FPGA_AND_SIM_V4/mips_mem.vhd sub00/vhpl25 1460952144
EN adder NULL //cs1/cs_students/ijones16/CS401_CA/EX_03/MIPS_CPU_FPGA_AND_SIM_V4/mips_building_blocks.vhd sub00/vhpl09 1457935729
EN dmem NULL //cs1/cs_students/ijones16/CS401_CA/EX04/MIPS_CPU_FPGA_AND_SIM_V4/mips_mem.vhd sub00/vhpl24 1460952143
EN mux2 NULL //cs1/cs_students/ijones16/CS401_CA/EX_03/MIPS_CPU_FPGA_AND_SIM_V4/mips_building_blocks.vhd sub00/vhpl14 1457935734
EN mux3 NULL //cs1/cs_students/ijones16/CS401_CA/EX_03/MIPS_CPU_FPGA_AND_SIM_V4/mips_building_blocks.vhd sub00/vhpl36 1457935735
EN flopr NULL //cs1/cs_students/ijones16/CS401_CA/EX_03/MIPS_CPU_FPGA_AND_SIM_V4/mips_building_blocks.vhd sub00/vhpl13 1457935733
EN zeroext NULL //cs1/cs_students/ijones16/CS401_CA/EX_03/MIPS_CPU_FPGA_AND_SIM_V4/mips_building_blocks.vhd sub00/vhpl35 1457935732
EN regfile NULL //cs1/cs_students/ijones16/CS401_CA/EX_03/MIPS_CPU_FPGA_AND_SIM_V4/mips_building_blocks.vhd sub00/vhpl08 1457935728
EN aludec NULL //cs1/cs_students/ijones16/CS401_CA/EX_03/MIPS_CPU_FPGA_AND_SIM_V4/mips_decoder_alu.vhd sub00/vhpl02 1457935748
EN datapath NULL //cs1/cs_students/ijones16/CS401_CA/EX_03/MIPS_CPU_FPGA_AND_SIM_V4/mips_datapath.vhd sub00/vhpl28 1457935752
AR zeroext behave //cs1/cs_students/ijones16/CS401_CA/EX_03/MIPS_CPU_FPGA_AND_SIM_V4/mips_building_blocks.vhd sub00/vhpl38 1457935740
EN imem NULL //cs1/cs_students/ijones16/CS401_CA/EX04/MIPS_CPU_FPGA_AND_SIM_V4/mips_mem.vhd sub00/vhpl26 1460952145
AR mips_fpga_interface test_fpga //cs1/cs_students/ijones16/CS401_CA/EX_03/MIPS_CPU_FPGA_AND_SIM_V4/mips_fpga_interface.vhd sub00/vhpl34 1457935763
AR controller struct //cs1/cs_students/ijones16/CS401_CA/EX_03/MIPS_CPU_FPGA_AND_SIM_V4/mips_controller.vhd sub00/vhpl05 1457935751
AR flopr asynchronous //cs1/cs_students/ijones16/CS401_CA/EX_03/MIPS_CPU_FPGA_AND_SIM_V4/mips_building_blocks.vhd sub00/vhpl22 1457935741
EN maindec NULL //cs1/cs_students/ijones16/CS401_CA/EX_03/MIPS_CPU_FPGA_AND_SIM_V4/mips_decoder_main.vhd sub00/vhpl00 1457935746
AR mips struct //cs1/cs_students/ijones16/CS401_CA/EX_03/MIPS_CPU_FPGA_AND_SIM_V4/mips.vhd sub00/vhpl15 1457935755
EN testbench NULL C:/CS401/mips_cpu_v2_sim_reorg/mips/mips_top.vhd sub00/vhpl30 1394402431
AR zerodetect behave C:/CS401/mips_cpu_v2_sim_reorg/mips/mips_building_blocks.vhd sub00/vhpl19 1394402410
EN top NULL //cs1/cs_students/ijones16/CS401_CA/EX_03/MIPS_CPU_FPGA_AND_SIM_V4/mips_top.vhd sub00/vhpl31 1457935760
AR imem behave //cs1/cs_students/ijones16/CS401_CA/EX04/MIPS_CPU_FPGA_AND_SIM_V4/mips_mem.vhd sub00/vhpl27 1460952146
AR maindec behave //cs1/cs_students/ijones16/CS401_CA/EX_03/MIPS_CPU_FPGA_AND_SIM_V4/mips_decoder_main.vhd sub00/vhpl01 1457935747
AR sl2 behave //cs1/cs_students/ijones16/CS401_CA/EX_03/MIPS_CPU_FPGA_AND_SIM_V4/mips_building_blocks.vhd sub00/vhpl20 1457935738
AR top test //cs1/cs_students/ijones16/CS401_CA/EX_03/MIPS_CPU_FPGA_AND_SIM_V4/mips_top.vhd sub00/vhpl32 1457935761
EN zerodetect NULL C:/CS401/mips_cpu_v2_sim_reorg/mips/mips_building_blocks.vhd sub00/vhpl10 1394402403
EN mips NULL //cs1/cs_students/ijones16/CS401_CA/EX_03/MIPS_CPU_FPGA_AND_SIM_V4/mips.vhd sub00/vhpl06 1457935754
AR mux3 behave //cs1/cs_students/ijones16/CS401_CA/EX_03/MIPS_CPU_FPGA_AND_SIM_V4/mips_building_blocks.vhd sub00/vhpl37 1457935743
AR signext behave //cs1/cs_students/ijones16/CS401_CA/EX_03/MIPS_CPU_FPGA_AND_SIM_V4/mips_building_blocks.vhd sub00/vhpl21 1457935739
AR aludec behave //cs1/cs_students/ijones16/CS401_CA/EX_03/MIPS_CPU_FPGA_AND_SIM_V4/mips_decoder_alu.vhd sub00/vhpl03 1457935749
AR datapath struct //cs1/cs_students/ijones16/CS401_CA/EX_03/MIPS_CPU_FPGA_AND_SIM_V4/mips_datapath.vhd sub00/vhpl29 1457935753
AR adder behave //cs1/cs_students/ijones16/CS401_CA/EX_03/MIPS_CPU_FPGA_AND_SIM_V4/mips_building_blocks.vhd sub00/vhpl18 1457935737
EN controller NULL //cs1/cs_students/ijones16/CS401_CA/EX_03/MIPS_CPU_FPGA_AND_SIM_V4/mips_controller.vhd sub00/vhpl04 1457935750
AR regfile behave //cs1/cs_students/ijones16/CS401_CA/EX_03/MIPS_CPU_FPGA_AND_SIM_V4/mips_building_blocks.vhd sub00/vhpl17 1457935736
EN mips_fpga_interface NULL //cs1/cs_students/ijones16/CS401_CA/EX_03/MIPS_CPU_FPGA_AND_SIM_V4/mips_fpga_interface.vhd sub00/vhpl33 1457935762
EN signext NULL //cs1/cs_students/ijones16/CS401_CA/EX_03/MIPS_CPU_FPGA_AND_SIM_V4/mips_building_blocks.vhd sub00/vhpl12 1457935731
AR mux2 behave //cs1/cs_students/ijones16/CS401_CA/EX_03/MIPS_CPU_FPGA_AND_SIM_V4/mips_building_blocks.vhd sub00/vhpl23 1457935742
EN sl2 NULL //cs1/cs_students/ijones16/CS401_CA/EX_03/MIPS_CPU_FPGA_AND_SIM_V4/mips_building_blocks.vhd sub00/vhpl11 1457935730
AR alu behave //cs1/cs_students/ijones16/CS401_CA/EX_03/MIPS_CPU_FPGA_AND_SIM_V4/mips_alu.vhd sub00/vhpl16 1457935745
EN alu NULL //cs1/cs_students/ijones16/CS401_CA/EX_03/MIPS_CPU_FPGA_AND_SIM_V4/mips_alu.vhd sub00/vhpl07 1457935744
